# serializer version: 1
# name: test_facade_public_surface_snapshot
  list([
    'AGENT_CHOICES',
    'ANSI_CSI_RE',
    'AgentGrepHelpFormatter',
    'AgentName',
    'AnsiColors',
    'AnsiHelpTheme',
    'AnswerNowInputListener',
    'BackendSelection',
    'CLAUDE_PASTE_HASH_RE',
    'CLAUDE_PASTE_REF_RE',
    'CLI_DESCRIPTION',
    'CONVERSATION_STORE_ROLES',
    'CURSOR_STATE_TOKENS',
    'CaseMode',
    'ColorMode',
    'ConsoleSearchProgress',
    'ContentFormat',
    'DETAIL_BODY_MAX_LINES',
    'DiscoveryRoot',
    'DiscoverySpec',
    'DiscoveryStoreRoles',
    'DiscoveryVersionContext',
    'DiscoveryVersionDetail',
    'EnvelopeFactory',
    'EnvelopePayload',
    'ExportArgs',
    'FIND_DESCRIPTION',
    'FilterCompletedPayload',
    'FilterRequestedPayload',
    'FindArgs',
    'FindPatternMode',
    'FindRecord',
    'FindRecordPayload',
    'FindSourceTypeFilter',
    'FindTypeFilter',
    'GREP_DESCRIPTION',
    'GrepArgs',
    'GrepStyle',
    'HelpTheme',
    'INLINE_CODE_RE',
    'ITER_SOURCE_RECORD_ADAPTERS',
    'JSONScalar',
    'JSONValue',
    'JSON_FILE_SUFFIXES',
    'KeyValueRow',
    'MessageCandidate',
    'NoopSearchProgress',
    'OFFICIAL_CURSOR_STATE_PATHS',
    'OPTIONS_EXPECTING_VALUE',
    'OPTIONS_FLAG_ONLY',
    'OutputMode',
    'PROMPT_HISTORY_STORE_ROLES',
    'ParserBundle',
    'PathKind',
    'PatternMode',
    'PrivatePath',
    'ProgressMode',
    'ProgressSnapshot',
    'ProgressUpdatedPayload',
    'PydanticModule',
    'PydanticTypeAdapter',
    'PydanticTypeAdapterFactory',
    'QUERY_BOOLEAN_KEYWORDS',
    'QUERY_FIELD_TOKEN_RE',
    'QUERY_HIGHLIGHT_ROLES',
    'QUERY_TOKEN_RE',
    'QueryAppLike',
    'RawJsonlSkipLine',
    'RecordsAppendedPayload',
    'RichTextModule',
    'RunnableAppLike',
    'SCHEMA_VERSION',
    'SEARCH_DESCRIPTION',
    'SHELL_TOKEN_RE',
    'SearchArgs',
    'SearchColors',
    'SearchControl',
    'SearchFinishedPayload',
    'SearchMatchSurface',
    'SearchProgress',
    'SearchQuery',
    'SearchRecord',
    'SearchRecordPayload',
    'SearchRequestedPayload',
    'SearchRuntime',
    'SearchScope',
    'SourceHandle',
    'SourceHandlePayload',
    'SourceKind',
    'SourceProgressCallback',
    'SourceScanCache',
    'SourceScanCacheStats',
    'SourceVersionDetection',
    'SourceVersionDetectionPayload',
    'StaticLike',
    'StoreCoverage',
    'StoreDescriptor',
    'StoreRole',
    'StreamingAppLike',
    'StreamingRecordsBatch',
    'StreamingSearchFinished',
    'StreamingSearchProgress',
    'SummaryRow',
    'TextualAppModule',
    'TextualBindingModule',
    'TextualContainersModule',
    'TextualMessageModule',
    'TextualOptionListInternalsModule',
    'TextualWidgetsModule',
    'UIArgs',
    'UI_DESCRIPTION',
    'USER_ROLES',
    'VersionDetectionConfidence',
    'VersionDetectionStrategy',
    'add_common_agent_options',
    'add_output_mode_options',
    'aiter_search_events',
    'as_optional_str',
    'build_description',
    'build_discovery_version_context',
    'build_docs_parser',
    'build_envelope',
    'build_grep_command',
    'build_grep_query',
    'build_record_match_surface',
    'build_search_haystack',
    'build_search_record',
    'build_streaming_ui_app',
    'cached_haystack',
    'candidate_from_mapping',
    'claude_history_paste_text',
    'clear_haystack_cache',
    'collect_search_records',
    'collect_search_records_from_plan',
    'compute_filter_matches',
    'configured_color_environment',
    'create_parser',
    'create_themed_formatter',
    'decode_sqlite_value',
    'detect_content_format',
    'detect_source_version',
    'direct_source_matches',
    'discover_antigravity_cli_sources',
    'discover_antigravity_ide_sources',
    'discover_claude_sources',
    'discover_codex_sources',
    'discover_cursor_cli_sources',
    'discover_cursor_ide_sources',
    'discover_from_catalog',
    'discover_gemini_sources',
    'discover_grok_sources',
    'discover_opencode_sources',
    'discover_pi_sources',
    'discover_sources',
    'discover_sources_for_search',
    'discover_vscode_sources',
    'expand_claude_history_pastes',
    'extract_conversation_id',
    'extract_message_text',
    'extract_model',
    'extract_role',
    'extract_session_id',
    'extract_timestamp',
    'extract_title',
    'file_mtime_ns',
    'filter_find_records',
    'find_first_match_line',
    'find_sources',
    'find_store_roles_for_type_filter',
    'flatten_content_value',
    'flatten_json_strings_with_tool',
    'flatten_summary_bullets',
    'format_compact_path',
    'format_display_path',
    'format_grep_record',
    'format_match_count',
    'format_search_progress_line',
    'format_source_progress_detail',
    'format_timestamp_tig',
    'grep_file_matches',
    'grep_root_paths',
    'handles_from_discovery',
    'highlight_matches',
    'highlight_query_spans',
    'isoformat_from_mtime_ns',
    'iter_conversation_summaries',
    'iter_cursor_prompt_candidates',
    'iter_find_events',
    'iter_jsonl',
    'iter_key_value_rows',
    'iter_message_candidates',
    'iter_protobuf_text_fields',
    'iter_search_events',
    'iter_source_records',
    'iter_text_fragments',
    'list_files_matching',
    'main',
    'matches_record',
    'matches_text',
    'maybe_build_pydantic',
    'maybe_use_pydantic',
    'noop_search_progress',
    'normalize_color_mode',
    'open_readonly_sqlite',
    'parse_agents',
    'parse_antigravity_cli_conversation_db',
    'parse_antigravity_cli_history_file',
    'parse_antigravity_cli_transcript',
    'parse_antigravity_protobuf_file',
    'parse_args',
    'parse_claude_history_file',
    'parse_claude_project_file',
    'parse_claude_settings_file',
    'parse_claude_store_db',
    'parse_claude_task_file',
    'parse_claude_team_file',
    'parse_claude_todo_file',
    'parse_claude_usage_facet',
    'parse_codex_external_imports_file',
    'parse_codex_goals_db',
    'parse_codex_history_file',
    'parse_codex_legacy_session_file',
    'parse_codex_logs_db',
    'parse_codex_memories_db',
    'parse_codex_session_file',
    'parse_codex_session_index_file',
    'parse_codex_state_db',
    'parse_cursor_ai_tracking_db',
    'parse_cursor_cli_chats_db',
    'parse_cursor_cli_transcript',
    'parse_cursor_prompt_history',
    'parse_cursor_state_db',
    'parse_embedded_json',
    'parse_file_metadata_summary_file',
    'parse_gemini_chat_file',
    'parse_gemini_chat_legacy_file',
    'parse_gemini_logs_file',
    'parse_grok_chat_history',
    'parse_grok_prompt_history',
    'parse_grok_session_search_db',
    'parse_grok_subagents',
    'parse_hooks_summary_file',
    'parse_json_summary_file',
    'parse_opencode_db',
    'parse_output_mode',
    'parse_pi_context_mode_db',
    'parse_pi_session_file',
    'parse_text_store_file',
    'parse_toml_summary_file',
    'parse_vscode_chat_session',
    'parse_vscode_inline_history',
    'plan_search_sources',
    'prefilter_sources_by_root',
    'print_find_results',
    'print_grep_results',
    'prompt_history_agents_for_sources',
    'read_json_file',
    'read_text_file',
    'record_dedupe_key',
    'record_matches_scope',
    'resolve_codex_sqlite_root',
    'resolve_env_root',
    'run_export_command',
    'run_find_command',
    'run_find_query',
    'run_grep_command',
    'run_readonly_command',
    'run_search_command',
    'run_search_query',
    'run_ui',
    'run_ui_command',
    'search_record_sort_key',
    'search_sources',
    'select_backends',
    'serialize_find_record',
    'serialize_grep_record',
    'serialize_search_record',
    'serialize_source_handle',
    'should_enable_color',
    'should_enable_help_color',
    'source_matches_scope',
    'source_order_key',
    'sqlite_column_names',
    'sqlite_table_names',
    'store_descriptor_for_record',
    'store_role_for_record',
    'stream_find_results',
    'stream_grep_results',
    'truncate_lines',
    'which_first',
  ])
# ---
